// Jest Snapshot v1, https://goo.gl/fbAQLP

exports[`LoginPage tests should render and match snapshot 1`] = `
<div
  className="login text-center"
>
  <main
    className="form-signin"
  >
    <form
      onSubmit={[Function]}
    >
      <h1
        className="h3 mb-3 fw-normal"
      >
        Please login
      </h1>
      <button
        className="w-100 btn btn-lg btn-primary"
        type="submit"
      >
        Login
      </button>
      <p
        className="mt-5 mb-3 text-muted"
      >
        Â© 2021
      </p>
    </form>
  </main>
</div>
`;
